// Jest Snapshot v1, https://goo.gl/fbAQLP

exports[`RegistryAdmin Snapshot renders the UI snapshot correctly 1`] = `null`;

exports[`RegistryAdmin Snapshot renders the UI snapshot correctly 2`] = `null`;
